To honour the JVM settings for this build a single-use Daemon process will be forked. For more on this, please refer to https://docs.gradle.org/8.8/userguide/gradle_daemon.html#sec:disabling_the_daemon in the Gradle documentation.
Daemon will be stopped at the end of the build 

> Configure project :
Fabric Loom: 1.7.4
"Lock for cache='C:\Users\Nikhil\.gradle\caches\fabric-loom', project=':'" is currently held by pid '40712'.
Run with --info or --debug to show arguments, may reveal sensitive info
- pid: 40712
- command: C:\Users\Nikhil\.vscode\extensions\redhat.java-1.47.0-win32-x64\jre\21.0.8-win32-x86_64\bin\java.exe
- started at: 2025-11-04T04:39:38.386Z
- user: NIKHILSPC\Nikhil
- parent:
	- pid: 19612
	- command: C:\Users\Nikhil\.vscode\extensions\redhat.java-1.47.0-win32-x64\jre\21.0.8-win32-x86_64\bin\java.exe
	- started at: 2025-11-04T04:14:09.062Z
	- user: NIKHILSPC\Nikhil
	- parent:
		- pid: 2512
		- command: C:\Windows\System32\cmd.exe
		- started at: 2025-11-04T04:14:08.944Z
		- user: NIKHILSPC\Nikhil
		- parent:
			- pid: 13952
			- command: C:\Users\Nikhil\AppData\Local\Programs\Microsoft VS Code\Code.exe
			- started at: 2025-11-04T04:12:49.427Z
			- user: NIKHILSPC\Nikhil
			- parent:
				- title: 'gradle.properties - elemental_dimensions - Visual Studio Code'
				- pid: 1964
				- command: C:\Users\Nikhil\AppData\Local\Programs\Microsoft VS Code\Code.exe
				- started at: 2025-11-04T02:42:30.973Z
				- user: NIKHILSPC\Nikhil
				- parent:
					- pid: 21276
					- command: C:\Windows\explorer.exe
					- started at: 2025-11-01T15:42:30.525Z
					- user: NIKHILSPC\Nikhil
Waiting for lock to be released...
Have been waiting on "Lock for cache='C:\Users\Nikhil\.gradle\caches\fabric-loom', project=':'" held by pid '40712' for 1 minute(s).
If this persists for an unreasonable length of time, kill this process, run './gradlew --stop' and then try again.
Have been waiting on "Lock for cache='C:\Users\Nikhil\.gradle\caches\fabric-loom', project=':'" held by pid '40712' for 2 minute(s).
If this persists for an unreasonable length of time, kill this process, run './gradlew --stop' and then try again.
Have been waiting on "Lock for cache='C:\Users\Nikhil\.gradle\caches\fabric-loom', project=':'" held by pid '40712' for 3 minute(s).
If this persists for an unreasonable length of time, kill this process, run './gradlew --stop' and then try again.
Have been waiting on "Lock for cache='C:\Users\Nikhil\.gradle\caches\fabric-loom', project=':'" held by pid '40712' for 4 minute(s).
If this persists for an unreasonable length of time, kill this process, run './gradlew --stop' and then try again.
Have been waiting on "Lock for cache='C:\Users\Nikhil\.gradle\caches\fabric-loom', project=':'" held by pid '40712' for 5 minute(s).
If this persists for an unreasonable length of time, kill this process, run './gradlew --stop' and then try again.
Have been waiting on "Lock for cache='C:\Users\Nikhil\.gradle\caches\fabric-loom', project=':'" held by pid '40712' for 6 minute(s).
If this persists for an unreasonable length of time, kill this process, run './gradlew --stop' and then try again.
Have been waiting on "Lock for cache='C:\Users\Nikhil\.gradle\caches\fabric-loom', project=':'" held by pid '40712' for 7 minute(s).
If this persists for an unreasonable length of time, kill this process, run './gradlew --stop' and then try again.
Have been waiting on "Lock for cache='C:\Users\Nikhil\.gradle\caches\fabric-loom', project=':'" held by pid '40712' for 8 minute(s).
If this persists for an unreasonable length of time, kill this process, run './gradlew --stop' and then try again.
Have been waiting on "Lock for cache='C:\Users\Nikhil\.gradle\caches\fabric-loom', project=':'" held by pid '40712' for 9 minute(s).
If this persists for an unreasonable length of time, kill this process, run './gradlew --stop' and then try again.
Have been waiting on "Lock for cache='C:\Users\Nikhil\.gradle\caches\fabric-loom', project=':'" held by pid '40712' for 10 minute(s).
If this persists for an unreasonable length of time, kill this process, run './gradlew --stop' and then try again.
Have been waiting on "Lock for cache='C:\Users\Nikhil\.gradle\caches\fabric-loom', project=':'" held by pid '40712' for 11 minute(s).
If this persists for an unreasonable length of time, kill this process, run './gradlew --stop' and then try again.
