To honour the JVM settings for this build a single-use Daemon process will be forked. For more on this, please refer to https://docs.gradle.org/8.14/userguide/gradle_daemon.html#sec:disabling_the_daemon in the Gradle documentation.
Daemon will be stopped at the end of the build 
Configuration on demand is an incubating feature.

> Configure project :
Fabric Loom: 1.13.3

> Task :clean
> Task :exportClasspath
> Task :compileJava FROM-CACHE
> Task :processResources
> Task :classes
> Task :jar
> Task :processIncludeJars
> Task :sourcesJar
> Task :compileTestJava NO-SOURCE
> Task :processTestResources NO-SOURCE
> Task :testClasses UP-TO-DATE
> Task :test NO-SOURCE
> Task :validateAccessWidener NO-SOURCE
> Task :check UP-TO-DATE
> Task :remapJar
> Task :remapSourcesJar
> Task :assemble
> Task :build

BUILD SUCCESSFUL in 32s
9 actionable tasks: 8 executed, 1 from cache
